{
    "CN": "CGSB",
    "DT": "2018-02-25T07:00:00+00:00",
    "PI": "300",
    "PL": "ILLUMINA",
    "PM": "miseq",
    "SM": "trinidad",
    "application name": "./pheniqs",
    "base input url": "test/BDGGG",
    "base output url": "test/BDGGG",
    "buffer capacity": 2048,
    "decoding threads": 1,
    "default output compression": "unknown",
    "default output compression level": "5",
    "default output format": "sam",
    "feed": {
        "input feed": [
            {
                "capacity": 2048,
                "direction": "in",
                "index": 0,
                "phred offset": 33,
                "platform": "ILLUMINA",
                "resolution": 1,
                "url": "test/BDGGG/BDGGG_s01.fastq.gz?format=fastq&compression=gz"
            },
            {
                "capacity": 2048,
                "direction": "in",
                "index": 1,
                "phred offset": 33,
                "platform": "ILLUMINA",
                "resolution": 1,
                "url": "test/BDGGG/BDGGG_s02.fastq.gz?format=fastq&compression=gz"
            },
            {
                "capacity": 2048,
                "direction": "in",
                "index": 2,
                "phred offset": 33,
                "platform": "ILLUMINA",
                "resolution": 1,
                "url": "test/BDGGG/BDGGG_s03.fastq.gz?format=fastq&compression=gz"
            }
        ],
        "input feed by segment": [
            {
                "capacity": 2048,
                "direction": "in",
                "index": 0,
                "phred offset": 33,
                "platform": "ILLUMINA",
                "resolution": 1,
                "url": "test/BDGGG/BDGGG_s01.fastq.gz?format=fastq&compression=gz"
            },
            {
                "capacity": 2048,
                "direction": "in",
                "index": 1,
                "phred offset": 33,
                "platform": "ILLUMINA",
                "resolution": 1,
                "url": "test/BDGGG/BDGGG_s02.fastq.gz?format=fastq&compression=gz"
            },
            {
                "capacity": 2048,
                "direction": "in",
                "index": 2,
                "phred offset": 33,
                "platform": "ILLUMINA",
                "resolution": 1,
                "url": "test/BDGGG/BDGGG_s03.fastq.gz?format=fastq&compression=gz"
            }
        ],
        "output feed": [
            {
                "capacity": 4096,
                "direction": "out",
                "index": 0,
                "phred offset": 33,
                "platform": "ILLUMINA",
                "resolution": 2,
                "url": "/dev/stdout?format=sam&compression=none"
            }
        ]
    },
    "float precision": 15,
    "flowcell id": "BDGGG",
    "full command": "./pheniqs mux --config test/BDGGG/BDGGG_annotated.json --precision 15 --compile",
    "htslib threads": 1,
    "input": [
        "test/BDGGG/BDGGG_s01.fastq.gz?format=fastq&compression=gz",
        "test/BDGGG/BDGGG_s02.fastq.gz?format=fastq&compression=gz",
        "test/BDGGG/BDGGG_s03.fastq.gz?format=fastq&compression=gz"
    ],
    "input phred offset": 33,
    "input segment cardinality": 3,
    "leading segment index": 0,
    "molecular": [
        {
            "algorithm": "naive",
            "barcode length": [
                8
            ],
            "confidence threshold": 0.99,
            "index": 0,
            "noise": 0.01,
            "nucleotide cardinality": 8,
            "quality masking threshold": 0,
            "random barcode probability": 0.000015258789062,
            "segment cardinality": 1,
            "transform": {
                "knit": [
                    "0"
                ],
                "token": [
                    "0:8:16"
                ]
            },
            "undetermined": {
                "ID": "undetermined",
                "PU": "undetermined",
                "algorithm": "naive",
                "barcode": [
                    "========"
                ],
                "concentration": 0.01,
                "index": 0,
                "segment cardinality": 1
            }
        }
    ],
    "multiplex": {
        "CN": "CGSB",
        "DT": "2018-02-25T07:00:00+00:00",
        "PI": "300",
        "PL": "ILLUMINA",
        "PM": "miseq",
        "SM": "trinidad",
        "algorithm": "pamld",
        "barcode cardinality": 6,
        "barcode length": [
            8
        ],
        "base output url": "test/BDGGG",
        "classifier type": "sample",
        "codec": {
            "@AGGCAGAA": {
                "CN": "CGSB",
                "DT": "2018-02-25T07:00:00+00:00",
                "ID": "BDGGG:AGGCAGAA",
                "LB": "trinidad 5",
                "PI": "300",
                "PL": "ILLUMINA",
                "PM": "miseq",
                "PU": "BDGGG:AGGCAGAA",
                "SM": "trinidad",
                "TC": 2,
                "algorithm": "pamld",
                "barcode": [
                    "AGGCAGAA"
                ],
                "concentration": 0.183498128559804,
                "flowcell id": "BDGGG",
                "index": 1,
                "output": [
                    "/dev/stdout?format=sam&compression=none",
                    "/dev/stdout?format=sam&compression=none"
                ],
                "segment cardinality": 1
            },
            "@CGTACTAG": {
                "CN": "CGSB",
                "DT": "2018-02-25T07:00:00+00:00",
                "ID": "BDGGG:CGTACTAG",
                "LB": "trinidad 4",
                "PI": "300",
                "PL": "ILLUMINA",
                "PM": "miseq",
                "PU": "BDGGG:CGTACTAG",
                "SM": "trinidad",
                "TC": 2,
                "algorithm": "pamld",
                "barcode": [
                    "CGTACTAG"
                ],
                "concentration": 0.199524165988608,
                "flowcell id": "BDGGG",
                "index": 2,
                "output": [
                    "/dev/stdout?format=sam&compression=none",
                    "/dev/stdout?format=sam&compression=none"
                ],
                "segment cardinality": 1
            },
            "@GGACTCCT": {
                "CN": "CGSB",
                "DT": "2018-02-25T07:00:00+00:00",
                "ID": "BDGGG:GGACTCCT",
                "LB": "trinidad 9",
                "PI": "300",
                "PL": "ILLUMINA",
                "PM": "miseq",
                "PU": "BDGGG:GGACTCCT",
                "SM": "trinidad",
                "TC": 2,
                "algorithm": "pamld",
                "barcode": [
                    "GGACTCCT"
                ],
                "concentration": 0.211944344995931,
                "flowcell id": "BDGGG",
                "index": 3,
                "output": [
                    "/dev/stdout?format=sam&compression=none",
                    "/dev/stdout?format=sam&compression=none"
                ],
                "segment cardinality": 1
            },
            "@TAAGGCGA": {
                "CN": "CGSB",
                "DT": "2018-02-25T07:00:00+00:00",
                "ID": "BDGGG:TAAGGCGA",
                "LB": "trinidad 1",
                "PI": "300",
                "PL": "ILLUMINA",
                "PM": "miseq",
                "PU": "BDGGG:TAAGGCGA",
                "SM": "trinidad",
                "TC": 2,
                "algorithm": "pamld",
                "barcode": [
                    "TAAGGCGA"
                ],
                "concentration": 0.222761920260374,
                "flowcell id": "BDGGG",
                "index": 4,
                "output": [
                    "/dev/stdout?format=sam&compression=none",
                    "/dev/stdout?format=sam&compression=none"
                ],
                "segment cardinality": 1
            },
            "@TCCTGAGC": {
                "CN": "CGSB",
                "DT": "2018-02-25T07:00:00+00:00",
                "ID": "BDGGG:TCCTGAGC",
                "LB": "trinidad 8",
                "PI": "300",
                "PL": "ILLUMINA",
                "PM": "miseq",
                "PU": "BDGGG:TCCTGAGC",
                "SM": "trinidad",
                "TC": 2,
                "algorithm": "pamld",
                "barcode": [
                    "TCCTGAGC"
                ],
                "concentration": 0.16707144019528,
                "flowcell id": "BDGGG",
                "index": 5,
                "output": [
                    "/dev/stdout?format=sam&compression=none",
                    "/dev/stdout?format=sam&compression=none"
                ],
                "segment cardinality": 1
            }
        },
        "confidence threshold": 0.99,
        "distance tolerance": [
            2
        ],
        "flowcell id": "BDGGG",
        "index": 0,
        "multiplexing classifier": true,
        "noise": 0.0152,
        "nucleotide cardinality": 8,
        "output": [
            "/dev/stdout"
        ],
        "quality masking threshold": 0,
        "random barcode probability": 0.000015258789062,
        "segment cardinality": 1,
        "shannon bound": [
            2
        ],
        "transform": {
            "knit": [
                "0"
            ],
            "segment pattern": [
                "0"
            ],
            "token": [
                "1::8"
            ]
        },
        "undetermined": {
            "CN": "CGSB",
            "DT": "2018-02-25T07:00:00+00:00",
            "ID": "BDGGG:undetermined",
            "PI": "300",
            "PL": "ILLUMINA",
            "PM": "miseq",
            "PU": "BDGGG:undetermined",
            "SM": "trinidad",
            "TC": 2,
            "algorithm": "pamld",
            "barcode": [
                "========"
            ],
            "concentration": 0.0152,
            "flowcell id": "BDGGG",
            "index": 0,
            "output": [
                "/dev/stdout?format=sam&compression=none",
                "/dev/stdout?format=sam&compression=none"
            ],
            "segment cardinality": 1
        }
    },
    "output": [
        "/dev/stdout"
    ],
    "output phred offset": 33,
    "output segment cardinality": 2,
    "platform": "ILLUMINA",
    "report url": "/dev/stderr",
    "template": {
        "transform": {
            "knit": [
                "0",
                "1"
            ],
            "token": [
                "0::",
                "2::"
            ]
        }
    },
    "threads": 1
}
