{
    "CN": "CGSB",
    "DT": "2018-02-25T07:00:00+00:00",
    "PI": "300",
    "PL": "ILLUMINA",
    "PM": "miseq",
    "SM": "trinidad",
    "application name": "./pheniqs",
    "base input url": "test/BDGGG",
    "base output url": "test/BDGGG",
    "buffer capacity": 2048,
    "decoding threads": 1,
    "default output compression": "unknown",
    "default output compression level": "5",
    "default output format": "sam",
    "feed": {
        "input feed": [
            {
                "capacity": 2048,
                "direction": "in",
                "index": 0,
                "phred offset": 33,
                "platform": "ILLUMINA",
                "resolution": 1,
                "url": "test/BDGGG/BDGGG_s01.fastq.gz?format=fastq&compression=gz"
            },
            {
                "capacity": 2048,
                "direction": "in",
                "index": 1,
                "phred offset": 33,
                "platform": "ILLUMINA",
                "resolution": 1,
                "url": "test/BDGGG/BDGGG_s02.fastq.gz?format=fastq&compression=gz"
            },
            {
                "capacity": 2048,
                "direction": "in",
                "index": 2,
                "phred offset": 33,
                "platform": "ILLUMINA",
                "resolution": 1,
                "url": "test/BDGGG/BDGGG_s03.fastq.gz?format=fastq&compression=gz"
            }
        ],
        "input feed by segment": [
            {
                "capacity": 2048,
                "direction": "in",
                "index": 0,
                "phred offset": 33,
                "platform": "ILLUMINA",
                "resolution": 1,
                "url": "test/BDGGG/BDGGG_s01.fastq.gz?format=fastq&compression=gz"
            },
            {
                "capacity": 2048,
                "direction": "in",
                "index": 1,
                "phred offset": 33,
                "platform": "ILLUMINA",
                "resolution": 1,
                "url": "test/BDGGG/BDGGG_s02.fastq.gz?format=fastq&compression=gz"
            },
            {
                "capacity": 2048,
                "direction": "in",
                "index": 2,
                "phred offset": 33,
                "platform": "ILLUMINA",
                "resolution": 1,
                "url": "test/BDGGG/BDGGG_s03.fastq.gz?format=fastq&compression=gz"
            }
        ],
        "output feed": [
            {
                "capacity": 6144,
                "direction": "out",
                "index": 0,
                "phred offset": 33,
                "platform": "ILLUMINA",
                "resolution": 3,
                "url": "/dev/stdout?format=sam&compression=none"
            }
        ]
    },
    "float precision": 15,
    "flowcell id": "BDGGG",
    "full command": "./pheniqs mux --config test/BDGGG/BDGGG_interleave.json --precision 15 --compile",
    "htslib threads": 1,
    "input": [
        "test/BDGGG/BDGGG_s01.fastq.gz?format=fastq&compression=gz",
        "test/BDGGG/BDGGG_s02.fastq.gz?format=fastq&compression=gz",
        "test/BDGGG/BDGGG_s03.fastq.gz?format=fastq&compression=gz"
    ],
    "input phred offset": 33,
    "input segment cardinality": 3,
    "leading segment index": 0,
    "multiplex": {
        "CN": "CGSB",
        "DT": "2018-02-25T07:00:00+00:00",
        "PI": "300",
        "PL": "ILLUMINA",
        "PM": "miseq",
        "SM": "trinidad",
        "algorithm": "transparent",
        "base output url": "test/BDGGG",
        "confidence threshold": 0.95,
        "flowcell id": "BDGGG",
        "index": 0,
        "noise": 0.01,
        "output": [
            "/dev/stdout"
        ],
        "quality masking threshold": 0,
        "segment cardinality": 0,
        "undetermined": {
            "CN": "CGSB",
            "DT": "2018-02-25T07:00:00+00:00",
            "ID": "BDGGG:undetermined",
            "PI": "300",
            "PL": "ILLUMINA",
            "PM": "miseq",
            "PU": "BDGGG:undetermined",
            "SM": "trinidad",
            "TC": 3,
            "algorithm": "transparent",
            "concentration": 0.01,
            "feed": {
                "output feed by segment": [
                    {
                        "capacity": 6144,
                        "direction": "out",
                        "index": 0,
                        "phred offset": 33,
                        "platform": "ILLUMINA",
                        "resolution": 3,
                        "url": "/dev/stdout?format=sam&compression=none"
                    },
                    {
                        "capacity": 6144,
                        "direction": "out",
                        "index": 0,
                        "phred offset": 33,
                        "platform": "ILLUMINA",
                        "resolution": 3,
                        "url": "/dev/stdout?format=sam&compression=none"
                    },
                    {
                        "capacity": 6144,
                        "direction": "out",
                        "index": 0,
                        "phred offset": 33,
                        "platform": "ILLUMINA",
                        "resolution": 3,
                        "url": "/dev/stdout?format=sam&compression=none"
                    }
                ]
            },
            "flowcell id": "BDGGG",
            "index": 0,
            "output": [
                "/dev/stdout?format=sam&compression=none",
                "/dev/stdout?format=sam&compression=none",
                "/dev/stdout?format=sam&compression=none"
            ],
            "segment cardinality": 0
        }
    },
    "output": [
        "/dev/stdout"
    ],
    "output phred offset": 33,
    "output segment cardinality": 3,
    "platform": "ILLUMINA",
    "report url": "/dev/stderr",
    "template": {
        "transform": {
            "segment pattern": [
                "0",
                "1",
                "2"
            ],
            "token": [
                "0::",
                "1::",
                "2::"
            ]
        }
    },
    "threads": 1
}
