Environment 

    Base input URL                              test/BDGGG
    Base output URL                             test/BDGGG
    Platform                                    ILLUMINA
    Quality tracking                            disabled
    Filter incoming QC failed reads             disabled
    Filter outgoing QC failed reads             disabled
    Input Phred offset                          33
    Output Phred offset                         33
    Leading segment index                       0
    Default output format                       sam
    Default output compression                  unknown
    Default output compression level            5
    Feed buffer capacity                        2048
    Threads                                     1
    Decoding threads                            1
    HTSLib threads                              1

Input 

    Input segment cardinality                   3

    Input segment No.0 : test/BDGGG/BDGGG_s01.fastq.gz?format=fastq&compression=gz
    Input segment No.1 : test/BDGGG/BDGGG_s02.fastq.gz?format=fastq&compression=gz
    Input segment No.2 : test/BDGGG/BDGGG_s03.fastq.gz?format=fastq&compression=gz

    Input feed No.0
        Type : fastq
        Compression : gz
        Resolution : 1
        Phred offset : 33
        Platform : ILLUMINA
        Buffer capacity : 2048
        URL : test/BDGGG/BDGGG_s01.fastq.gz?format=fastq&compression=gz

    Input feed No.1
        Type : fastq
        Compression : gz
        Resolution : 1
        Phred offset : 33
        Platform : ILLUMINA
        Buffer capacity : 2048
        URL : test/BDGGG/BDGGG_s02.fastq.gz?format=fastq&compression=gz

    Input feed No.2
        Type : fastq
        Compression : gz
        Resolution : 1
        Phred offset : 33
        Platform : ILLUMINA
        Buffer capacity : 2048
        URL : test/BDGGG/BDGGG_s03.fastq.gz?format=fastq&compression=gz

Output transform

    Output segment cardinality                  3

    Token No.0
        Length        variable
        Pattern       0::
        Description   cycles 0 to end of input segment 0

    Token No.1
        Length        variable
        Pattern       1::
        Description   cycles 0 to end of input segment 1

    Token No.2
        Length        variable
        Pattern       2::
        Description   cycles 0 to end of input segment 2

    Assembly instruction
        Append token 0 of input segment 0 to output segment 0
        Append token 1 of input segment 1 to output segment 1
        Append token 2 of input segment 2 to output segment 2

Mutliplex decoding

    Decoding algorithm                          transparent

    Barcode undetermined
        ID : BDGGG:undetermined
        PU : BDGGG:undetermined
        SM : trinidad
        DT : 2018-02-25T07:00:00+00:00
        PL : ILLUMINA
        PM : miseq
        CN : CGSB
        PI : 300
        Segment No.0  : /dev/stdout?format=sam&compression=none
        Segment No.1  : /dev/stdout?format=sam&compression=none
        Segment No.2  : /dev/stdout?format=sam&compression=none

    Output feed No.0
        Type : sam
        Resolution : 3
        Phred offset : 33
        Platform : ILLUMINA
        Buffer capacity : 6144
        URL : /dev/stdout?format=sam&compression=none

